C51 COMPILER V8.08   P2_LCD_KEYPAD                                                         02/05/2019 15:43:36 PAGE 1   


C51 COMPILER V8.08, COMPILATION OF MODULE P2_LCD_KEYPAD
OBJECT MODULE PLACED IN P2_lcd_keypad.OBJ
COMPILER INVOKED BY: C:\Keil\C51\BIN\C51.EXE P2_lcd_keypad.c BROWSE DEBUG OBJECTEXTEND

line level    source

   1          #include<reg51.H>
   2          #define LCDPORT P2
   3          sbit RS=P3^0;
   4          sbit E =P3^1;
   5          sbit C1=P3^4;  sbit C2=P3^3; sbit C3=P3^2;
   6          sbit R1=P3^5;  sbit R2=P3^6; sbit R3=P3^7;
   7          
   8          void my_delay(int i)
   9          {int j; 
  10   1              for (;i>0;i--)
  11   1                      for (j=0; j<30000;j++){}
  12   1      }
  13          void LCD_Cmd ( int  i ) {
  14   1            RS = 0;   LCDPORT = i ; // RS=0 for command 
  15   1            E  = 1 ;          my_delay(1);      E  = 0 ;
  16   1      }
  17          void LCD_Data ( int  i ) {
  18   1            RS = 1;   LCDPORT = i ;  // RS=1 for data
  19   1            E  = 1 ;          my_delay(1);     E  = 0 ;
  20   1      }
  21          void main()
  22          {       // initialize the LCD 
  23   1              LCD_Cmd (0x38); LCD_Cmd (0x01);  LCD_Cmd (0x0e);
  24   1              C1=C2=C3=R1=R2=R3=1     ;
  25   1              while(1){        
  26   2                      C1=0;
  27   2                 if ( R1==0){ LCD_Data ( '1'); my_delay(1); while(R1==0);}  
  28   2                 if ( R2==0){ LCD_Data ( '4'); my_delay(1); } 
  29   2                 if ( R3==0){ LCD_Data ( '7'); my_delay(1); } 
  30   2      
  31   2                 C1=1;C2=0;
  32   2                 if ( R1==0){ LCD_Data ( '2'); my_delay(1); }  
  33   2                 if ( R2==0){ LCD_Data ( '5'); my_delay(1); } 
  34   2                 if ( R3==0){ LCD_Data ( '8'); my_delay(1); } 
  35   2                      C2=1; C3=0;
  36   2                 if ( R1==0){ LCD_Data ( '3'); my_delay(1); }  
  37   2                 if ( R2==0){ LCD_Data ( '6'); my_delay(1); } 
  38   2                 if ( R3==0){ LCD_Cmd (0x01) ;  my_delay(1); } 
  39   2                      C3=1;
  40   2              }
  41   1      
  42   1      }


MODULE INFORMATION:   STATIC OVERLAYABLE
   CODE SIZE        =    194    ----
   CONSTANT SIZE    =   ----    ----
   XDATA SIZE       =   ----    ----
   PDATA SIZE       =   ----    ----
   DATA SIZE        =   ----    ----
   IDATA SIZE       =   ----    ----
   BIT SIZE         =   ----    ----
END OF MODULE INFORMATION.


C51 COMPILATION COMPLETE.  0 WARNING(S),  0 ERROR(S)
