C51 COMPILER V8.08   PROG1                                                                 01/29/2019 13:03:52 PAGE 1   


C51 COMPILER V8.08, COMPILATION OF MODULE PROG1
OBJECT MODULE PLACED IN prog1.OBJ
COMPILER INVOKED BY: C:\Keil\C51\BIN\C51.EXE prog1.c BROWSE DEBUG OBJECTEXTEND

line level    source

   1          #include <reg51.h>
   2          void mydelay()
   3          {       unsigned int i; 
   4   1              for(i=0;i<60000; i++); 
   5   1      }
   6          void main()
   7          {
   8   1              while(1){
   9   2                      P2 = 0xaa;   mydelay();// 1010 1010
  10   2                      P2 = 0x55;       mydelay();// 0101 0101
  11   2      //              P2 = 170;   mydelay();// 1010 1010
  12   2      //              P2 = 85;         mydelay();// 0101 0101
  13   2              }
  14   1      }


MODULE INFORMATION:   STATIC OVERLAYABLE
   CODE SIZE        =     40    ----
   CONSTANT SIZE    =   ----    ----
   XDATA SIZE       =   ----    ----
   PDATA SIZE       =   ----    ----
   DATA SIZE        =   ----    ----
   IDATA SIZE       =   ----    ----
   BIT SIZE         =   ----    ----
END OF MODULE INFORMATION.


C51 COMPILATION COMPLETE.  0 WARNING(S),  0 ERROR(S)
