C51 COMPILER V8.08   PROG2                                                                 02/08/2018 12:01:02 PAGE 1   


C51 COMPILER V8.08, COMPILATION OF MODULE PROG2
OBJECT MODULE PLACED IN prog2.OBJ
COMPILER INVOKED BY: C:\Keil\C51\BIN\C51.EXE prog2.c BROWSE DEBUG OBJECTEXTEND

line level    source

   1          // first LED interfacing code 
   2          #include <reg51.h> // header file having addresses for each port 
   3          
   4          void main()
   5          {       int i,j=0; 
   6   1              while(1) // infinite loop for each embedded program 
   7   1              {       
   8   2                      for (j=0;j<8;j++){ 
   9   3                              P2 = ~(1<<j); // 0000 0001 ->   1111 1110
  10   3                              for (i=0 ; i<32000; i++); // donothing loop to insert delay             
  11   3                      }
  12   2              }
  13   1      }
  14          /*
  15          P2 = ~1; // 0000 0001 ->        1111 1110
  16                          for (i=0 ; i<32000; i++); // donothing loop to insert delay
  17                          P2 = ~(1<<1); // 0000 0010  -> 1111 1101
  18                          for (i=0 ; i<32000; i++); // donothing loop to insert delay
  19                          P2 = ~(1<<2) ;
  20                          for (i=0 ; i<32000; i++); // donothing loop to insert delay
  21                          P2 = ~(1<<3);
  22                          for (i=0 ; i<32000; i++); // donothing loop to insert delay
  23          
  24          P2 = 0xfe; // 1111 1110 
  25                          for (i=0 ; i<32000; i++); // donothing loop to insert delay
  26                          P2 = 0xfd; // 1111 1101 
  27                          for (i=0 ; i<32000; i++); // donothing loop to insert delay
  28                          P2 = 0xfb; // 1111 1011 
  29                          for (i=0 ; i<32000; i++); // donothing loop to insert delay
  30                          P2 = 0xf7; // 1111 0111 
  31                          for (i=0 ; i<32000; i++); // donothing loop to insert delay
  32          
  33                          P2 = 0xef; // 1110 1111 
  34                          for (i=0 ; i<32000; i++); // donothing loop to insert delay
  35                          P2 = 0xdf; // 1101 1111 
  36                          for (i=0 ; i<32000; i++); // donothing loop to insert delay
  37                          P2 = 0xbf; // 1011 1111 
  38                          for (i=0 ; i<32000; i++); // donothing loop to insert delay
  39                          P2 = 0x7f; // 0111 1111 
  40                          for (i=0 ; i<32000; i++); // donothing loop to insert delay
  41          */


MODULE INFORMATION:   STATIC OVERLAYABLE
   CODE SIZE        =     48    ----
   CONSTANT SIZE    =   ----    ----
   XDATA SIZE       =   ----    ----
   PDATA SIZE       =   ----    ----
   DATA SIZE        =   ----    ----
   IDATA SIZE       =   ----    ----
   BIT SIZE         =   ----    ----
END OF MODULE INFORMATION.


C51 COMPILATION COMPLETE.  0 WARNING(S),  0 ERROR(S)
