C51 COMPILER V8.08   PROG2                                                                 02/04/2019 15:22:41 PAGE 1   


C51 COMPILER V8.08, COMPILATION OF MODULE PROG2
OBJECT MODULE PLACED IN prog2.OBJ
COMPILER INVOKED BY: C:\Keil\C51\BIN\C51.EXE prog2.c BROWSE DEBUG OBJECTEXTEND

line level    source

   1          #include<reg51.H>
   2          #define LCDPORT P2
   3          sbit RS=P3^0;
   4          sbit E =P3^1;
   5          
   6          void my_delay(int i)
   7          {int j; 
   8   1              for (;i>0;i--)
   9   1                      for (j=0; j<30000;j++){}
  10   1      }
  11          void LCD_Cmd ( int  i ) {
  12   1            RS = 0;   // RS=0 for command 
  13   1            E  = 1 ;   LCDPORT = i ;  my_delay(1);      E  = 0 ;
  14   1      }
  15          void LCD_Data ( int  i ) {
  16   1            RS = 1;    // RS=1 for data
  17   1            E  = 1 ;   LCDPORT = i ;  my_delay(1);     E  = 0 ;
  18   1      }
  19          void main()
  20          {        LCD_Cmd(0x38);  my_delay(1);
  21   1                      LCD_Cmd(0x38);   my_delay(1);
  22   1                      LCD_Cmd(0x01);   my_delay(1);
  23   1                      LCD_Cmd(0x0e);   my_delay(1);
  24   1                      while(1){
  25   2                              LCD_Data('P');   my_delay(1); 
  26   2                              LCD_Data('J');   my_delay(1); 
  27   2                      }
  28   1      }


MODULE INFORMATION:   STATIC OVERLAYABLE
   CODE SIZE        =    106    ----
   CONSTANT SIZE    =   ----    ----
   XDATA SIZE       =   ----    ----
   PDATA SIZE       =   ----    ----
   DATA SIZE        =   ----    ----
   IDATA SIZE       =   ----    ----
   BIT SIZE         =   ----    ----
END OF MODULE INFORMATION.


C51 COMPILATION COMPLETE.  0 WARNING(S),  0 ERROR(S)
