C51 COMPILER V8.08   PROG4                                                                 01/30/2019 12:45:58 PAGE 1   


C51 COMPILER V8.08, COMPILATION OF MODULE PROG4
OBJECT MODULE PLACED IN prog4.OBJ
COMPILER INVOKED BY: C:\Keil\C51\BIN\C51.EXE prog4.c BROWSE DEBUG OBJECTEXTEND

line level    source

   1          #include<reg51.h>
   2          sbit but1= P3^0;
   3          sbit LED1= P2^0;
   4          void mydelay(){
   5   1              int i =0;
   6   1              for (i=0;i<30000;i++);
   7   1      }
   8          void main()
   9          {       int butStatus=0; 
  10   1              P2=0x00; 
  11   1              bb=1;
*** ERROR C202 IN LINE 11 OF PROG4.C: 'bb': undefined identifier
  12   1              while (1){
  13   2                if (but1 ==0 )        {        //button is pressed
  14   3                       while (but1 ==0 ); // wait here till button is released 
  15   3                        butStatus++;  
  16   3                        if (butStatus >3) butStatus =1;        
  17   3                }
  18   2                if (butStatus ==1){
  19   3                      //pattern1 
  20   3                        P2=0xff; mydelay(); 
  21   3                        P2 =0x00; mydelay();  
  22   3                }
  23   2                 if (butStatus ==2){
  24   3                        //pattern2
  25   3                        P2 =0xaa; mydelay(); 
  26   3                        P2 =0x55; mydelay(); 
  27   3                      }
  28   2                if (butStatus ==3){
  29   3                        //pattern 3
  30   3                        P2 = 0x00; 
  31   3                      }
  32   2                
  33   2      
  34   2              }
  35   1      }

C51 COMPILATION COMPLETE.  0 WARNING(S),  1 ERROR(S)
