C51 COMPILER V8.08   PROG1                                                                 01/30/2019 12:01:56 PAGE 1   


C51 COMPILER V8.08, COMPILATION OF MODULE PROG1
OBJECT MODULE PLACED IN prog1.OBJ
COMPILER INVOKED BY: C:\Keil\C51\BIN\C51.EXE prog1.c BROWSE DEBUG OBJECTEXTEND

line level    source

   1          #include<reg51.h>
   2          void mydelay(){
   3   1              int i =0;
   4   1              for (i=0;i<30000;i++);
   5   1      }
   6          void main()
   7          {
   8   1              while (1){
   9   2                if (P3==0xfe) {        //1111 1110
  10   3                      P2= 0xff; mydelay();
  11   3                }else {                  //1111 1111  ff
  12   3                      P2= 0x00; mydelay();
  13   3                }
  14   2                      
  15   2              }
  16   1      }


MODULE INFORMATION:   STATIC OVERLAYABLE
   CODE SIZE        =     36    ----
   CONSTANT SIZE    =   ----    ----
   XDATA SIZE       =   ----    ----
   PDATA SIZE       =   ----    ----
   DATA SIZE        =   ----    ----
   IDATA SIZE       =   ----    ----
   BIT SIZE         =   ----    ----
END OF MODULE INFORMATION.


C51 COMPILATION COMPLETE.  0 WARNING(S),  0 ERROR(S)
